// Jest Snapshot v1, https://goo.gl/fbAQLP

exports[`TopicHeadProvider returns query result 1`] = `undefined`;
